******************************************************************************
                  TI ARM Linker Unix v20.2.7                   
******************************************************************************
>> Linked Sun Sep 15 18:33:57 2024

OUTPUT FILE NAME:   <GPIO_Basic_Example.out>
ENTRY POINT SYMBOL: "_c_int00"  address: 00003b1c


MEMORY CONFIGURATION

         name            origin    length      used     unused   attr    fill
----------------------  --------  ---------  --------  --------  ----  --------
  VECTORS               00000000   00000020  00000020  00000000     X
  FLASH0                00000020   001fffe0  00003eec  001fc0f4  R  X
  FLASH1                00200000   00200000  00000000  00200000  R  X
  STACKS                08000000   00001500  00000000  00001500  RW  
  RAM                   08001500   0007eb00  00000000  0007eb00  RW  


SEGMENT ALLOCATION MAP

run origin  load origin   length   init length attrs members
----------  ----------- ---------- ----------- ----- -------
00000000    00000000    00003d0c   00003d0c    r-x
  00000000    00000000    00000020   00000020    r-x .intvecs
  00000020    00000020    00003cec   00003cec    r-x .text
00003d20    00003d20    00000200   00000200    r--
  00003d20    00003d20    00000200   00000200    r-- .const


SECTION ALLOCATION MAP

 output                                  attributes/
section   page    origin      length       input sections
--------  ----  ----------  ----------   ----------------
.intvecs   0    00000000    00000020     
                  00000000    00000020     HL_sys_intvecs.obj (.intvecs)

.text      0    00000020    00003cec     
                  00000020    000009c0     HL_pinmux.obj (.text)
                  000009e0    000009ac     HL_system.obj (.text)
                  0000138c    00000938     HL_sys_vim.obj (.text)
                  00001cc4    0000078c     HL_esm.obj (.text)
                  00002450    00000664     HL_errata_SSWF021_45.obj (.text)
                  00002ab4    00000484     HL_gio.obj (.text)
                  00002f38    000003c4     HL_sys_core.obj (.text)
                  000032fc    0000036c     HL_sys_mpu.obj (.text)
                  00003668    0000033c     HL_sys_vim.obj (.text:retain)
                  000039a4    00000178     HL_esm.obj (.text:retain)
                  00003b1c    000000d8     HL_sys_startup.obj (.text:retain)
                  00003bf4    00000074     HL_notification.obj (.text)
                  00003c68    00000068     rtsv7R4_A_be_v3D16_eabi.lib : autoinit.c.obj (.text:__TI_auto_init_nobinit_nopinit:__TI_auto_init_nobinit_nopinit)
                  00003cd0    0000002c     HL_sys_main.obj (.text)
                  00003cfc    00000008     rtsv7R4_A_be_v3D16_eabi.lib : exit.c.obj (.text:abort:abort)
                  00003d04    00000004     HL_sys_startup.obj (.text)
                  00003d08    00000004     HL_sys_phantom.obj (.text:retain)

.const     0    00003d20    00000200     
                  00003d20    00000200     HL_sys_vim.obj (.const:s_vim_init)

.cinit     0    00000020    00000000     UNINITIALIZED

__llvm_prf_cnts 
*          0    08001500    00000000     UNINITIALIZED

MODULE SUMMARY

       Module                     code    ro data   rw data
       ------                     ----    -------   -------
    ./source/
       HL_sys_vim.obj             3188    512       0      
       HL_pinmux.obj              2496    0         0      
       HL_system.obj              2476    0         0      
       HL_esm.obj                 2308    0         0      
       HL_errata_SSWF021_45.obj   1636    0         0      
       HL_gio.obj                 1156    0         0      
       HL_sys_core.obj            964     0         0      
       HL_sys_mpu.obj             876     0         0      
       HL_sys_startup.obj         220     0         0      
       HL_notification.obj        116     0         0      
       HL_sys_main.obj            44      0         0      
       HL_sys_intvecs.obj         32      0         0      
       HL_sys_phantom.obj         4       0         0      
    +--+--------------------------+-------+---------+---------+
       Total:                     15516   512       0      
                                                           
    /Applications/ti/ccs1270/ccs/tools/compiler/ti-cgt-arm_20.2.7.LTS/lib/rtsv7R4_A_be_v3D16_eabi.lib
       autoinit.c.obj             104     0         0      
       exit.c.obj                 8       0         0      
    +--+--------------------------+-------+---------+---------+
       Total:                     112     0         0      
                                                           
    +--+--------------------------+-------+---------+---------+
       Grand Total:               15628   512       0      


GLOBAL SYMBOLS: SORTED ALPHABETICALLY BY Name 

address   name                                
-------   ----                                
00003cfc  C$$EXIT                             
UNDEFED   SHT$$INIT_ARRAY$$Base               
UNDEFED   SHT$$INIT_ARRAY$$Limit              
UNDEFED   __TI_CINIT_Base                     
UNDEFED   __TI_CINIT_Limit                    
UNDEFED   __TI_Handler_Table_Base             
UNDEFED   __TI_Handler_Table_Limit            
000032f4  __TI_PINIT_Base                     
000032f8  __TI_PINIT_Limit                    
00003c68  __TI_auto_init_nobinit_nopinit      
ffffffff  __TI_pprof_out_hndl                 
ffffffff  __TI_prof_data_size                 
ffffffff  __TI_prof_data_start                
00000000  __TI_static_base__                  
ffffffff  __binit__                           
ffffffff  __c_args__                          
08001500  __start___llvm_prf_cnts             
08001500  __stop___llvm_prf_cnts              
00003b1c  _c_int00                            
000032a8  _cacheDisable_                      
00003264  _cacheEnable_                       
00003244  _checkMemInitOn_                    
00003150  _coreClearAuxiliaryDataFault_       
00003164  _coreClearAuxiliaryInstructionFault_
00003128  _coreClearDataFaultAddress_         
00003100  _coreClearDataFault_                
0000313c  _coreClearInstructionFaultAddress_  
00003114  _coreClearInstructionFault_         
000030d8  _coreDisableEventBusExport_         
000030c8  _coreEnableEventBusExport_          
000030e8  _coreEnableIrqVicOffset_            
000030b0  _coreEnableVfp_                     
00003148  _coreGetAuxiliaryDataFault_         
0000315c  _coreGetAuxiliaryInstructionFault_  
00003120  _coreGetDataFaultAddress_           
000030f8  _coreGetDataFault_                  
00003134  _coreGetInstructionFaultAddress_    
0000310c  _coreGetInstructionFault_           
00002f38  _coreInitRegisters_                 
00003044  _coreInitStackPointer_              
000032cc  _dCacheInvalidate_                  
00003170  _disable_IRQ_interrupt_             
00003178  _enable_IRQ_interrupt_              
00003180  _enable_interrupt_                  
00002450  _errata_SSWF021_45_both_plls        
00002644  _errata_SSWF021_45_pll1             
000027bc  _errata_SSWF021_45_pll2             
00003188  _esmCcmErrorsClear_                 
00003090  _getCPSRValue_                      
00003098  _gotoCPUIdle_                       
000032e0  _iCacheInvalidate_                  
00003210  _memInit_                           
00003610  _mpuAreRegionsSeparate_             
000035f4  _mpuDisableBackgroundRegion_        
000035cc  _mpuDisable_                        
000035e4  _mpuEnableBackgroundRegion_         
000035b4  _mpuEnable_                         
00003604  _mpuGetNumberOfRegions_             
00003634  _mpuGetRegionBaseAddress_           
00003654  _mpuGetRegionPermission_            
00003648  _mpuGetRegionType_                  
00003624  _mpuGetRegion_                      
000032fc  _mpuInit_                           
0000362c  _mpuSetRegionBaseAddress_           
00003660  _mpuSetRegionSizeRegister_          
0000363c  _mpuSetRegionTypeAndPermission_     
0000361c  _mpuSetRegion_                      
UNDEFED   _system_post_cinit                  
00003cfc  abort                               
ffffffff  binit                               
000012e0  customTrimLPO                       
00003c2c  dmaGroupANotification               
00003c54  epcCAMFullNotification              
00003c58  epcFIFOFullNotification             
00001ed4  esmActivateNormalOperation          
00002020  esmClearStatus                      
00002084  esmClearStatusBuffer                
00002060  esmClearStatusUpper                 
00001e80  esmDisableError                     
00001ea8  esmDisableErrorUpper                
00001f28  esmDisableInterrupt                 
00001f50  esmDisableInterruptUpper            
00001e3c  esmEnableError                      
00001e64  esmEnableErrorUpper                 
00001ee4  esmEnableInterrupt                  
00001f0c  esmEnableInterruptUpper             
000021b4  esmEnterSelfTest                    
00001e20  esmError                            
0000228c  esmGetConfigValue                   
000020c0  esmGetStatus                        
0000218c  esmGetStatusBuffer                  
00002144  esmGetStatusUpper                   
00003bf4  esmGroup1Notification               
00003c08  esmGroup2Notification               
00003c1c  esmGroup3Notification               
000039a4  esmHighInterrupt                    
00001cc4  esmInit                             
0000223c  esmSelfTestStatus                   
000020a0  esmSetCounterPreloadValue           
00001f6c  esmSetInterruptLevel                
00001fe0  esmSetInterruptLevelUpper           
00001ec4  esmTriggerErrorPinReset             
00000d80  getResetSource                      
00002d14  gioDisableNotification              
00002cac  gioEnableNotification               
00002c14  gioGetBit                           
00002d7c  gioGetConfigValue                   
00002c3c  gioGetPort                          
00002ab4  gioInit                             
00003c40  gioNotification                     
00002ba4  gioSetBit                           
00002b84  gioSetDirection                     
00002bf4  gioSetPort                          
00002c54  gioToggleBit                        
00003d04  handlePLLLockFail                   
00003cd0  main                                
00000bb0  mapClocks                           
00000020  muxInit                             
00000afc  periphInit                          
00003d08  phantomInterrupt                    
00000000  resetEntry                          
00000abc  setupFlash                          
000009e0  setupPLL                            
00000ea8  systemGetConfigValue                
00000cdc  systemInit                          
00000d50  systemPowerDown                     
00000a40  trimLPO                             
00001460  vimChannelMap                       
000016cc  vimDisableInterrupt                 
00003668  vimECCErrorHandler                  
00001504  vimEnableInterrupt                  
00001778  vimGetConfigValue                   
0000138c  vimInit                             


GLOBAL SYMBOLS: SORTED BY Symbol Address 

address   name                                
-------   ----                                
00000000  __TI_static_base__                  
00000000  resetEntry                          
00000020  muxInit                             
000009e0  setupPLL                            
00000a40  trimLPO                             
00000abc  setupFlash                          
00000afc  periphInit                          
00000bb0  mapClocks                           
00000cdc  systemInit                          
00000d50  systemPowerDown                     
00000d80  getResetSource                      
00000ea8  systemGetConfigValue                
000012e0  customTrimLPO                       
0000138c  vimInit                             
00001460  vimChannelMap                       
00001504  vimEnableInterrupt                  
000016cc  vimDisableInterrupt                 
00001778  vimGetConfigValue                   
00001cc4  esmInit                             
00001e20  esmError                            
00001e3c  esmEnableError                      
00001e64  esmEnableErrorUpper                 
00001e80  esmDisableError                     
00001ea8  esmDisableErrorUpper                
00001ec4  esmTriggerErrorPinReset             
00001ed4  esmActivateNormalOperation          
00001ee4  esmEnableInterrupt                  
00001f0c  esmEnableInterruptUpper             
00001f28  esmDisableInterrupt                 
00001f50  esmDisableInterruptUpper            
00001f6c  esmSetInterruptLevel                
00001fe0  esmSetInterruptLevelUpper           
00002020  esmClearStatus                      
00002060  esmClearStatusUpper                 
00002084  esmClearStatusBuffer                
000020a0  esmSetCounterPreloadValue           
000020c0  esmGetStatus                        
00002144  esmGetStatusUpper                   
0000218c  esmGetStatusBuffer                  
000021b4  esmEnterSelfTest                    
0000223c  esmSelfTestStatus                   
0000228c  esmGetConfigValue                   
00002450  _errata_SSWF021_45_both_plls        
00002644  _errata_SSWF021_45_pll1             
000027bc  _errata_SSWF021_45_pll2             
00002ab4  gioInit                             
00002b84  gioSetDirection                     
00002ba4  gioSetBit                           
00002bf4  gioSetPort                          
00002c14  gioGetBit                           
00002c3c  gioGetPort                          
00002c54  gioToggleBit                        
00002cac  gioEnableNotification               
00002d14  gioDisableNotification              
00002d7c  gioGetConfigValue                   
00002f38  _coreInitRegisters_                 
00003044  _coreInitStackPointer_              
00003090  _getCPSRValue_                      
00003098  _gotoCPUIdle_                       
000030b0  _coreEnableVfp_                     
000030c8  _coreEnableEventBusExport_          
000030d8  _coreDisableEventBusExport_         
000030e8  _coreEnableIrqVicOffset_            
000030f8  _coreGetDataFault_                  
00003100  _coreClearDataFault_                
0000310c  _coreGetInstructionFault_           
00003114  _coreClearInstructionFault_         
00003120  _coreGetDataFaultAddress_           
00003128  _coreClearDataFaultAddress_         
00003134  _coreGetInstructionFaultAddress_    
0000313c  _coreClearInstructionFaultAddress_  
00003148  _coreGetAuxiliaryDataFault_         
00003150  _coreClearAuxiliaryDataFault_       
0000315c  _coreGetAuxiliaryInstructionFault_  
00003164  _coreClearAuxiliaryInstructionFault_
00003170  _disable_IRQ_interrupt_             
00003178  _enable_IRQ_interrupt_              
00003180  _enable_interrupt_                  
00003188  _esmCcmErrorsClear_                 
00003210  _memInit_                           
00003244  _checkMemInitOn_                    
00003264  _cacheEnable_                       
000032a8  _cacheDisable_                      
000032cc  _dCacheInvalidate_                  
000032e0  _iCacheInvalidate_                  
000032f4  __TI_PINIT_Base                     
000032f8  __TI_PINIT_Limit                    
000032fc  _mpuInit_                           
000035b4  _mpuEnable_                         
000035cc  _mpuDisable_                        
000035e4  _mpuEnableBackgroundRegion_         
000035f4  _mpuDisableBackgroundRegion_        
00003604  _mpuGetNumberOfRegions_             
00003610  _mpuAreRegionsSeparate_             
0000361c  _mpuSetRegion_                      
00003624  _mpuGetRegion_                      
0000362c  _mpuSetRegionBaseAddress_           
00003634  _mpuGetRegionBaseAddress_           
0000363c  _mpuSetRegionTypeAndPermission_     
00003648  _mpuGetRegionType_                  
00003654  _mpuGetRegionPermission_            
00003660  _mpuSetRegionSizeRegister_          
00003668  vimECCErrorHandler                  
000039a4  esmHighInterrupt                    
00003b1c  _c_int00                            
00003bf4  esmGroup1Notification               
00003c08  esmGroup2Notification               
00003c1c  esmGroup3Notification               
00003c2c  dmaGroupANotification               
00003c40  gioNotification                     
00003c54  epcCAMFullNotification              
00003c58  epcFIFOFullNotification             
00003c68  __TI_auto_init_nobinit_nopinit      
00003cd0  main                                
00003cfc  C$$EXIT                             
00003cfc  abort                               
00003d04  handlePLLLockFail                   
00003d08  phantomInterrupt                    
08001500  __start___llvm_prf_cnts             
08001500  __stop___llvm_prf_cnts              
ffffffff  __TI_pprof_out_hndl                 
ffffffff  __TI_prof_data_size                 
ffffffff  __TI_prof_data_start                
ffffffff  __binit__                           
ffffffff  __c_args__                          
ffffffff  binit                               
UNDEFED   SHT$$INIT_ARRAY$$Base               
UNDEFED   SHT$$INIT_ARRAY$$Limit              
UNDEFED   __TI_CINIT_Base                     
UNDEFED   __TI_CINIT_Limit                    
UNDEFED   __TI_Handler_Table_Base             
UNDEFED   __TI_Handler_Table_Limit            
UNDEFED   _system_post_cinit                  

[133 symbols]
